Γû▓ Next.js 16.2.1 (Turbopack)
- Environments: .env

  Creating an optimized production build ...
Γ£ô Compiled successfully in 9.4s
  Running TypeScript ...
  Finished TypeScript in 6.2s ...
  Collecting page data using 15 workers ...
  Generating static pages using 15 workers (0/26) ...
  Generating static pages using 15 workers (6/26) 
  Generating static pages using 15 workers (12/26) 
  Generating static pages using 15 workers (19/26) 
Γ£ô Generating static pages using 15 workers (26/26) in 395ms
  Finalizing page optimization ...

Route (app)
Γöî ╞Æ /
Γö£ Γùï /_not-found
Γö£ ╞Æ /api/collections
Γö£ ╞Æ /api/collections/words
Γö£ ╞Æ /api/daily-word
Γö£ ╞Æ /api/quiz/fill-blank
Γö£ ╞Æ /api/quiz/submit
Γö£ ╞Æ /api/user/achievements
Γö£ ╞Æ /api/user/profile
Γö£ ╞Æ /api/user/stats
Γö£ ╞Æ /api/vocabulary
Γö£ ╞Æ /api/words/add
Γö£ ╞Æ /api/words/lookup
Γö£ ╞Æ /auth/callback
Γö£ ╞Æ /collections
Γö£ ╞Æ /daily-word
Γö£ Γùï /login
Γö£ ╞Æ /quiz/daily
Γö£ ╞Æ /quiz/fill-blank
Γö£ ╞Æ /quiz/timed
Γö£ ╞Æ /search
Γö£ ╞Æ /settings
Γö£ Γùï /signup
Γöö ╞Æ /vocabulary


╞Æ Proxy (Middleware)

Γùï  (Static)   prerendered as static content
╞Æ  (Dynamic)  server-rendered on demand

